// Jest Snapshot v1, https://goo.gl/fbAQLP

exports[`Pagination Renders Pagination  1`] = `
<nav
  aria-label="pagination"
  className="pagination column is-rounded"
  role="navigation"
>
  <button
    className="pagination-previous button is-dark"
    onClick={[Function]}
    title="prev"
  >
    Siguiente
  </button>
  <button
    className="pagination-next button is-dark"
    onClick={[Function]}
    title="next"
  >
    Anterior
  </button>
</nav>
`;
